src/app/(admin)/admin/studio/seo/page.tsx(367,44): error TS2339: Property 'authorExpertise' does not exist on type 'SEOWorkflowState'.
src/app/(admin)/admin/studio/seo/page.tsx(592,50): error TS2339: Property 'authorExpertise' does not exist on type 'SEOWorkflowState'.
src/app/(admin)/admin/studio/seo/page.tsx(593,68): error TS2353: Object literal may only specify known properties, and 'authorExpertise' does not exist in type 'Partial<SEOWorkflowState>'.
src/app/(admin)/admin/studio/seo/page.tsx(817,38): error TS18048: 'state.improvements.additions' is possibly 'undefined'.
src/app/(admin)/admin/studio/seo/page.tsx(821,58): error TS18048: 'state.selectedImprovements.selectedAdditions' is possibly 'undefined'.
src/app/(admin)/admin/studio/seo/page.tsx(835,38): error TS18048: 'state.improvements.removals' is possibly 'undefined'.
src/app/(admin)/admin/studio/seo/page.tsx(839,58): error TS18048: 'state.selectedImprovements.selectedRemovals' is possibly 'undefined'.
src/app/(admin)/admin/studio/seo/page.tsx(1055,25): error TS2322: Type '"article"' is not assignable to type '"text" | "script" | "html" | undefined'.
src/app/(admin)/admin/studio/social-post/page.tsx(87,87): error TS2322: Type '"warning"' is not assignable to type '"destructive" | "default" | null | undefined'.
src/app/(admin)/admin/studio/social-post/page.tsx(150,22): error TS2304: Cannot find name 'RefreshCw'.
src/app/(student)/studio/page.tsx(503,54): error TS18048: 'accessStatus.daysRemaining' is possibly 'undefined'.
src/app/(student)/studio/seo/page.tsx(313,44): error TS2339: Property 'authorExpertise' does not exist on type 'SEOWorkflowState'.
src/app/(student)/studio/seo/page.tsx(536,50): error TS2339: Property 'authorExpertise' does not exist on type 'SEOWorkflowState'.
src/app/(student)/studio/seo/page.tsx(537,68): error TS2353: Object literal may only specify known properties, and 'authorExpertise' does not exist in type 'Partial<SEOWorkflowState>'.
src/app/(student)/studio/seo/page.tsx(761,38): error TS18048: 'state.improvements.additions' is possibly 'undefined'.
src/app/(student)/studio/seo/page.tsx(765,58): error TS18048: 'state.selectedImprovements.selectedAdditions' is possibly 'undefined'.
src/app/(student)/studio/seo/page.tsx(779,38): error TS18048: 'state.improvements.removals' is possibly 'undefined'.
src/app/(student)/studio/seo/page.tsx(783,58): error TS18048: 'state.selectedImprovements.selectedRemovals' is possibly 'undefined'.
src/app/actions/studio.ts(1425,13): error TS2554: Expected 3-4 arguments, but got 1.
src/components/features/studio/LineBannerWorkflow.tsx(84,35): error TS2345: Argument of type 'string | undefined' is not assignable to parameter of type 'SetStateAction<string>'.
  Type 'undefined' is not assignable to type 'SetStateAction<string>'.
src/components/features/studio/NoteThumbnailWorkflow.tsx(80,35): error TS2345: Argument of type 'string | undefined' is not assignable to parameter of type 'SetStateAction<string>'.
  Type 'undefined' is not assignable to type 'SetStateAction<string>'.
src/components/features/studio/RefinementArea.tsx(35,83): error TS2345: Argument of type '"text" | "script" | "html"' is not assignable to parameter of type '"text" | "script" | "structure" | undefined'.
  Type '"html"' is not assignable to type '"text" | "script" | "structure" | undefined'.
src/components/features/studio/ShortScriptWorkflow.tsx(121,34): error TS2304: Cannot find name 'writeScript'.
src/components/features/studio/ThumbnailWorkflow.tsx(105,21): error TS2353: Object literal may only specify known properties, and 'published_at' does not exist in type 'ChannelThumbnail'.
src/components/ServiceWorkerRegister.tsx(10,20): error TS2339: Property 'workbox' does not exist on type 'Window & typeof globalThis'.
